.class public auto ansi beforefieldinit LoggerIsEnabledScenarios
       extends [netstandard]System.Object
{
  .method public hidebysig instance void 
          LogTrace_In_Exception() cil managed
  {
    // Code size       51 (0x33)
    .maxstack  3
    .locals init (bool V_0)
    IL_0000:  nop
    .try
    {
      IL_0001:  nop
      IL_0002:  ldarg.0
      IL_0003:  ldfld      class [Microsoft.Extensions.Logging.Abstractions]Microsoft.Extensions.Logging.ILogger LoggerIsEnabledScenarios::_logger
      IL_0008:  ldc.i4.0
      IL_0009:  callvirt   instance bool [Microsoft.Extensions.Logging.Abstractions]Microsoft.Extensions.Logging.ILogger::IsEnabled(valuetype [Microsoft.Extensions.Logging.Abstractions]Microsoft.Extensions.Logging.LogLevel)
      IL_000e:  stloc.0
      IL_000f:  ldloc.0
      IL_0010:  brfalse.s  IL_002a
      IL_0012:  nop
      IL_0013:  ldarg.0
      IL_0014:  ldfld      class [Microsoft.Extensions.Logging.Abstractions]Microsoft.Extensions.Logging.ILogger LoggerIsEnabledScenarios::_logger
      IL_0019:  ldstr      "message"
      IL_001e:  call       !!0[] [netstandard]System.Array::Empty<object>()
      IL_0023:  call       void [Microsoft.Extensions.Logging.Abstractions]Microsoft.Extensions.Logging.LoggerExtensions::LogTrace(class [Microsoft.Extensions.Logging.Abstractions]Microsoft.Extensions.Logging.ILogger,
                                                                                                                                   string,
                                                                                                                                   object[])
      IL_0028:  nop
      IL_0029:  nop
      IL_002a:  nop
      IL_002b:  leave.s    IL_0032
    }  // end .try
    catch [netstandard]System.Exception 
    {
      IL_002d:  pop
      IL_002e:  nop
      IL_002f:  nop
      IL_0030:  leave.s    IL_0032
    }  // end handler
    IL_0032:  ret
  } 
}
