.class public auto ansi sealed LoggerIsEnabledEnum
       extends [netstandard]System.Enum
{
  .field public specialname rtspecialname int32 value__
} // end of class LoggerIsEnabledEnum