.class public auto ansi beforefieldinit LoggerIsEnabledSenarios
       extends [netstandard]System.Object
{
  .method public hidebysig instance void 
          LogTrace_In_Switch_With_Before_Code() cil managed
  {
    // Code size       84 (0x54)
    .maxstack  3
    .locals init (int32 V_0,
             int32 V_1,
             bool V_2)
    IL_0000:  nop
    IL_0001:  ldc.i4.1
    IL_0002:  stloc.0
    IL_0003:  ldloc.0
    IL_0004:  stloc.1
    IL_0005:  ldloc.1
    IL_0006:  brfalse.s  IL_0010
    IL_0008:  br.s       IL_000a
    IL_000a:  ldloc.1
    IL_000b:  ldc.i4.1
    IL_000c:  beq.s      IL_0019
    IL_000e:  br.s       IL_004a
    IL_0010:  ldarg.0
    IL_0011:  call       instance void LoggerIsEnabledSenarios::CodeBefore()
    IL_0016:  nop
    IL_0017:  br.s       IL_0053
    IL_0019:  ldarg.0
    IL_001a:  call       instance void LoggerIsEnabledSenarios::CodeBefore()
    IL_001f:  nop
    IL_0020:  ldarg.0
    IL_0021:  ldfld      class [Microsoft.Extensions.Logging.Abstractions]Microsoft.Extensions.Logging.ILogger LoggerIsEnabledSenarios::_logger
    IL_0026:  ldc.i4.0
    IL_0027:  callvirt   instance bool [Microsoft.Extensions.Logging.Abstractions]Microsoft.Extensions.Logging.ILogger::IsEnabled(valuetype [Microsoft.Extensions.Logging.Abstractions]Microsoft.Extensions.Logging.LogLevel)
    IL_002c:  stloc.0
    IL_002d:  ldloc.0
    IL_002e:  brfalse.s  IL_0048
    IL_0030:  nop
    IL_0031:  ldarg.0
    IL_0032:  ldfld      class [Microsoft.Extensions.Logging.Abstractions]Microsoft.Extensions.Logging.ILogger LoggerIsEnabledSenarios::_logger
    IL_0037:  ldstr      "message"
    IL_003c:  call       !!0[] [netstandard]System.Array::Empty<object>()
    IL_0041:  call       void [Microsoft.Extensions.Logging.Abstractions]Microsoft.Extensions.Logging.LoggerExtensions::LogTrace(class [Microsoft.Extensions.Logging.Abstractions]Microsoft.Extensions.Logging.ILogger,
                                                                                                                                 string,
                                                                                                                                 object[])
    IL_0046:  nop
    IL_0047:  nop
    IL_0048:  br.s       IL_0053
    IL_004a:  ldarg.0
    IL_004b:  call       instance void LoggerIsEnabledSenarios::CodeAfter()
    IL_0050:  nop
    IL_0051:  br.s       IL_0053
    IL_0053:  ret
  } // end of method LoggerIsEnabledSenarios::LogTrace_In_Switch_With_Before_Code
} // end of class LoggerIsEnabledSenarios