.class public abstract auto ansi beforefieldinit LoggerIsEnabledSenariosAbstract
       extends [netstandard]System.Object
{
  .field family initonly class [Microsoft.Extensions.Logging.Abstractions]Microsoft.Extensions.Logging.ILogger _logger
  .method public hidebysig specialname rtspecialname 
          instance void  .ctor(class [Microsoft.Extensions.Logging.Abstractions]Microsoft.Extensions.Logging.ILogger logger) cil managed
  {
    // Code size       16 (0x10)
    .maxstack  8
    IL_0000:  ldarg.0
    IL_0001:  call       instance void [netstandard]System.Object::.ctor()
    IL_0006:  nop
    IL_0007:  nop
    IL_0008:  ldarg.0
    IL_0009:  ldarg.1
    IL_000a:  stfld      class [Microsoft.Extensions.Logging.Abstractions]Microsoft.Extensions.Logging.ILogger LoggerIsEnabledSenariosAbstract::_logger
    IL_000f:  ret
  } 
  .method public hidebysig instance void 
          LogTrace() cil managed
  {
    // Code size       42 (0x2a)
    .maxstack  3
    .locals init (bool V_0)
    IL_0000:  nop
    IL_0001:  ldarg.0
    IL_0002:  ldfld      class [Microsoft.Extensions.Logging.Abstractions]Microsoft.Extensions.Logging.ILogger LoggerIsEnabledSenariosAbstract::_logger
    IL_0007:  ldc.i4.0
    IL_0008:  callvirt   instance bool [Microsoft.Extensions.Logging.Abstractions]Microsoft.Extensions.Logging.ILogger::IsEnabled(valuetype [Microsoft.Extensions.Logging.Abstractions]Microsoft.Extensions.Logging.LogLevel)
    IL_000d:  stloc.0
    IL_000e:  ldloc.0
    IL_000f:  brfalse.s  IL_0029
    IL_0011:  nop
    IL_0012:  ldarg.0
    IL_0013:  ldfld      class [Microsoft.Extensions.Logging.Abstractions]Microsoft.Extensions.Logging.ILogger LoggerIsEnabledSenariosAbstract::_logger
    IL_0018:  ldstr      "message"
    IL_001d:  call       !!0[] [netstandard]System.Array::Empty<object>()
    IL_0022:  call       void [Microsoft.Extensions.Logging.Abstractions]Microsoft.Extensions.Logging.LoggerExtensions::LogTrace(class [Microsoft.Extensions.Logging.Abstractions]Microsoft.Extensions.Logging.ILogger,
                                                                                                                                 string,
                                                                                                                                 object[])
    IL_0027:  nop
    IL_0028:  nop
    IL_0029:  ret
  } 
  .method public hidebysig newslot abstract virtual 
          instance void  LogDebug() cil managed
  {
  } 
}
