.class public auto ansi sealed beforefieldinit LoggerIsEnabledSenariosAbstractImplementation
       extends LoggerIsEnabledSenariosAbstract
{
  .method public hidebysig specialname rtspecialname 
          instance void  .ctor(class [Microsoft.Extensions.Logging.Abstractions]Microsoft.Extensions.Logging.ILogger logger) cil managed
  {
    // Code size       10 (0xa)
    .maxstack  8
    IL_0000:  ldarg.0
    IL_0001:  ldarg.1
    IL_0002:  call       instance void LoggerIsEnabledSenariosAbstract::.ctor(class [Microsoft.Extensions.Logging.Abstractions]Microsoft.Extensions.Logging.ILogger)
    IL_0007:  nop
    IL_0008:  nop
    IL_0009:  ret
  } 
  .method public hidebysig virtual instance void 
          LogDebug() cil managed
  {
    // Code size       42 (0x2a)
    .maxstack  3
    .locals init (bool V_0)
    IL_0000:  nop
    IL_0001:  ldarg.0
    IL_0002:  ldfld      class [Microsoft.Extensions.Logging.Abstractions]Microsoft.Extensions.Logging.ILogger LoggerIsEnabledSenariosAbstract::_logger
    IL_0007:  ldc.i4.1
    IL_0008:  callvirt   instance bool [Microsoft.Extensions.Logging.Abstractions]Microsoft.Extensions.Logging.ILogger::IsEnabled(valuetype [Microsoft.Extensions.Logging.Abstractions]Microsoft.Extensions.Logging.LogLevel)
    IL_000d:  stloc.0
    IL_000e:  ldloc.0
    IL_000f:  brfalse.s  IL_0029
    IL_0011:  nop
    IL_0012:  ldarg.0
    IL_0013:  ldfld      class [Microsoft.Extensions.Logging.Abstractions]Microsoft.Extensions.Logging.ILogger LoggerIsEnabledSenariosAbstract::_logger
    IL_0018:  ldstr      "message"
    IL_001d:  call       !!0[] [netstandard]System.Array::Empty<object>()
    IL_0022:  call       void [Microsoft.Extensions.Logging.Abstractions]Microsoft.Extensions.Logging.LoggerExtensions::LogDebug(class [Microsoft.Extensions.Logging.Abstractions]Microsoft.Extensions.Logging.ILogger,
                                                                                                                                 string,
                                                                                                                                 object[])
    IL_0027:  nop
    IL_0028:  nop
    IL_0029:  ret
  } 
}
