.class public auto ansi beforefieldinit LoggerIsEnabledSenarios
       extends [netstandard]System.Object
{
  .method public hidebysig instance void 
          LogTrace_Multiple_With_Code() cil managed
  {
    // Code size       96 (0x60)
    .maxstack  3
    .locals init (bool V_0,
             bool V_1)
    IL_0000:  nop
    IL_0001:  ldarg.0
    IL_0002:  call       instance void LoggerIsEnabledSenarios::CodeBefore()
    IL_0007:  nop
    IL_0008:  ldarg.0
    IL_0009:  ldfld      class [Microsoft.Extensions.Logging.Abstractions]Microsoft.Extensions.Logging.ILogger LoggerIsEnabledSenarios::_logger
    IL_000e:  ldc.i4.0
    IL_000f:  callvirt   instance bool [Microsoft.Extensions.Logging.Abstractions]Microsoft.Extensions.Logging.ILogger::IsEnabled(valuetype [Microsoft.Extensions.Logging.Abstractions]Microsoft.Extensions.Logging.LogLevel)
    IL_0014:  stloc.0
    IL_0015:  ldloc.0
    IL_0016:  brfalse.s  IL_0030
    IL_0018:  nop
    IL_0019:  ldarg.0
    IL_001a:  ldfld      class [Microsoft.Extensions.Logging.Abstractions]Microsoft.Extensions.Logging.ILogger LoggerIsEnabledSenarios::_logger
    IL_001f:  ldstr      "message"
    IL_0024:  call       !!0[] [netstandard]System.Array::Empty<object>()
    IL_0029:  call       void [Microsoft.Extensions.Logging.Abstractions]Microsoft.Extensions.Logging.LoggerExtensions::LogTrace(class [Microsoft.Extensions.Logging.Abstractions]Microsoft.Extensions.Logging.ILogger,
                                                                                                                                 string,
                                                                                                                                 object[])
    IL_002e:  nop
    IL_002f:  nop
    IL_0030:  ldarg.0
    IL_0031:  call       instance void LoggerIsEnabledSenarios::CodeBefore()
    IL_0036:  nop
    IL_0037:  ldarg.0
    IL_0038:  ldfld      class [Microsoft.Extensions.Logging.Abstractions]Microsoft.Extensions.Logging.ILogger LoggerIsEnabledSenarios::_logger
    IL_003d:  ldc.i4.0
    IL_003e:  callvirt   instance bool [Microsoft.Extensions.Logging.Abstractions]Microsoft.Extensions.Logging.ILogger::IsEnabled(valuetype [Microsoft.Extensions.Logging.Abstractions]Microsoft.Extensions.Logging.LogLevel)
    IL_0043:  stloc.0
    IL_0044:  ldloc.0
    IL_0045:  brfalse.s  IL_005f
    IL_0047:  nop
    IL_0048:  ldarg.0
    IL_0049:  ldfld      class [Microsoft.Extensions.Logging.Abstractions]Microsoft.Extensions.Logging.ILogger LoggerIsEnabledSenarios::_logger
    IL_004e:  ldstr      "message"
    IL_0053:  call       !!0[] [netstandard]System.Array::Empty<object>()
    IL_0058:  call       void [Microsoft.Extensions.Logging.Abstractions]Microsoft.Extensions.Logging.LoggerExtensions::LogTrace(class [Microsoft.Extensions.Logging.Abstractions]Microsoft.Extensions.Logging.ILogger,
                                                                                                                                 string,
                                                                                                                                 object[])
    IL_005d:  nop
    IL_005e:  nop
    IL_005f:  ret
  } // end of method LoggerIsEnabledSenarios::LogTrace_Multiple_With_Code
} // end of class LoggerIsEnabledSenarios