.class public auto ansi beforefieldinit LoggerIsEnabledSenarios
       extends [netstandard]System.Object
{
  .method public hidebysig instance void 
          LogTrace_In_Exception_With_After_Code_In_Try() cil managed
  {
    // Code size       58 (0x3a)
    .maxstack  3
    .locals init (bool V_0)
    IL_0000:  nop
    .try
    {
      IL_0001:  nop
      IL_0002:  ldarg.0
      IL_0003:  ldfld      class [Microsoft.Extensions.Logging.Abstractions]Microsoft.Extensions.Logging.ILogger LoggerIsEnabledSenarios::_logger
      IL_0008:  ldc.i4.0
      IL_0009:  callvirt   instance bool [Microsoft.Extensions.Logging.Abstractions]Microsoft.Extensions.Logging.ILogger::IsEnabled(valuetype [Microsoft.Extensions.Logging.Abstractions]Microsoft.Extensions.Logging.LogLevel)
      IL_000e:  stloc.0
      IL_000f:  ldloc.0
      IL_0010:  brfalse.s  IL_002a
      IL_0012:  nop
      IL_0013:  ldarg.0
      IL_0014:  ldfld      class [Microsoft.Extensions.Logging.Abstractions]Microsoft.Extensions.Logging.ILogger LoggerIsEnabledSenarios::_logger
      IL_0019:  ldstr      "message"
      IL_001e:  call       !!0[] [netstandard]System.Array::Empty<object>()
      IL_0023:  call       void [Microsoft.Extensions.Logging.Abstractions]Microsoft.Extensions.Logging.LoggerExtensions::LogTrace(class [Microsoft.Extensions.Logging.Abstractions]Microsoft.Extensions.Logging.ILogger,
                                                                                                                                   string,
                                                                                                                                   object[])
      IL_0028:  nop
      IL_0029:  nop
      IL_002a:  ldarg.0
      IL_002b:  call       instance void LoggerIsEnabledSenarios::CodeAfter()
      IL_0030:  nop
      IL_0031:  nop
      IL_0032:  leave.s    IL_0039
    }  // end .try
    catch [netstandard]System.Exception 
    {
      IL_0034:  pop
      IL_0035:  nop
      IL_0036:  nop
      IL_0037:  leave.s    IL_0039
    }  // end handler
    IL_0039:  ret
  } // end of method LoggerIsEnabledSenarios::LogTrace_In_Exception_With_After_Code_In_Try
} // end of class LoggerIsEnabledSenarios