.class interface public abstract auto ansi ILoggerIsEnabledSenarios
{
} // end of class ILoggerIsEnabledSenarios