.class interface public abstract auto ansi ILoggerIsEnabledScenarios
{
}
