.class public auto ansi beforefieldinit LoggerIsEnabledScenarios
       extends [netstandard]System.Object
{
  .method public hidebysig instance void 
          LogTrace_In_Exception() cil managed
  {
    // Code size       41 (0x29)
    .maxstack  3
    .try
    {
      IL_0000:  ldarg.0
      IL_0001:  ldfld      class [Microsoft.Extensions.Logging.Abstractions]Microsoft.Extensions.Logging.ILogger LoggerIsEnabledScenarios::_logger
      IL_0006:  ldc.i4.0
      IL_0007:  callvirt   instance bool [Microsoft.Extensions.Logging.Abstractions]Microsoft.Extensions.Logging.ILogger::IsEnabled(valuetype [Microsoft.Extensions.Logging.Abstractions]Microsoft.Extensions.Logging.LogLevel)
      IL_000c:  brfalse.s  IL_0023
      IL_000e:  ldarg.0
      IL_000f:  ldfld      class [Microsoft.Extensions.Logging.Abstractions]Microsoft.Extensions.Logging.ILogger LoggerIsEnabledScenarios::_logger
      IL_0014:  ldstr      "message"
      IL_0019:  call       !!0[] [netstandard]System.Array::Empty<object>()
      IL_001e:  call       void [Microsoft.Extensions.Logging.Abstractions]Microsoft.Extensions.Logging.LoggerExtensions::LogTrace(class [Microsoft.Extensions.Logging.Abstractions]Microsoft.Extensions.Logging.ILogger,
                                                                                                                                   string,
                                                                                                                                   object[])
      IL_0023:  leave.s    IL_0028
    }  // end .try
    catch [netstandard]System.Exception 
    {
      IL_0025:  pop
      IL_0026:  leave.s    IL_0028
    }  // end handler
    IL_0028:  ret
  } 
}
