.class public auto ansi beforefieldinit LoggerIsEnabledSenarios
       extends [netstandard]System.Object
{
  .method public hidebysig instance void 
          LogTrace_In_Exception_With_Before_Code_In_Try() cil managed
  {
    // Code size       47 (0x2f)
    .maxstack  3
    .try
    {
      IL_0000:  ldarg.0
      IL_0001:  call       instance void LoggerIsEnabledSenarios::CodeBefore()
      IL_0006:  ldarg.0
      IL_0007:  ldfld      class [Microsoft.Extensions.Logging.Abstractions]Microsoft.Extensions.Logging.ILogger LoggerIsEnabledSenarios::_logger
      IL_000c:  ldc.i4.0
      IL_000d:  callvirt   instance bool [Microsoft.Extensions.Logging.Abstractions]Microsoft.Extensions.Logging.ILogger::IsEnabled(valuetype [Microsoft.Extensions.Logging.Abstractions]Microsoft.Extensions.Logging.LogLevel)
      IL_0012:  brfalse.s  IL_0029
      IL_0014:  ldarg.0
      IL_0015:  ldfld      class [Microsoft.Extensions.Logging.Abstractions]Microsoft.Extensions.Logging.ILogger LoggerIsEnabledSenarios::_logger
      IL_001a:  ldstr      "message"
      IL_001f:  call       !!0[] [netstandard]System.Array::Empty<object>()
      IL_0024:  call       void [Microsoft.Extensions.Logging.Abstractions]Microsoft.Extensions.Logging.LoggerExtensions::LogTrace(class [Microsoft.Extensions.Logging.Abstractions]Microsoft.Extensions.Logging.ILogger,
                                                                                                                                   string,
                                                                                                                                   object[])
      IL_0029:  leave.s    IL_002e
    }  // end .try
    catch [netstandard]System.Exception 
    {
      IL_002b:  pop
      IL_002c:  leave.s    IL_002e
    }  // end handler
    IL_002e:  ret
  } 
}
