.class public abstract auto ansi beforefieldinit LoggerIsEnabledSenariosAbstract
       extends [netstandard]System.Object
{
  .field family initonly class [Microsoft.Extensions.Logging.Abstractions]Microsoft.Extensions.Logging.ILogger _logger
  .method public hidebysig specialname rtspecialname 
          instance void  .ctor(class [Microsoft.Extensions.Logging.Abstractions]Microsoft.Extensions.Logging.ILogger logger) cil managed
  {
    // Code size       14 (0xe)
    .maxstack  8
    IL_0000:  ldarg.0
    IL_0001:  call       instance void [netstandard]System.Object::.ctor()
    IL_0006:  ldarg.0
    IL_0007:  ldarg.1
    IL_0008:  stfld      class [Microsoft.Extensions.Logging.Abstractions]Microsoft.Extensions.Logging.ILogger LoggerIsEnabledSenariosAbstract::_logger
    IL_000d:  ret
  } // end of method LoggerIsEnabledSenariosAbstract::.ctor
  .method public hidebysig instance void 
          LogTrace() cil managed
  {
    // Code size       36 (0x24)
    .maxstack  8
    IL_0000:  ldarg.0
    IL_0001:  ldfld      class [Microsoft.Extensions.Logging.Abstractions]Microsoft.Extensions.Logging.ILogger LoggerIsEnabledSenariosAbstract::_logger
    IL_0006:  ldc.i4.0
    IL_0007:  callvirt   instance bool [Microsoft.Extensions.Logging.Abstractions]Microsoft.Extensions.Logging.ILogger::IsEnabled(valuetype [Microsoft.Extensions.Logging.Abstractions]Microsoft.Extensions.Logging.LogLevel)
    IL_000c:  brfalse.s  IL_0023
    IL_000e:  ldarg.0
    IL_000f:  ldfld      class [Microsoft.Extensions.Logging.Abstractions]Microsoft.Extensions.Logging.ILogger LoggerIsEnabledSenariosAbstract::_logger
    IL_0014:  ldstr      "message"
    IL_0019:  call       !!0[] [netstandard]System.Array::Empty<object>()
    IL_001e:  call       void [Microsoft.Extensions.Logging.Abstractions]Microsoft.Extensions.Logging.LoggerExtensions::LogTrace(class [Microsoft.Extensions.Logging.Abstractions]Microsoft.Extensions.Logging.ILogger,
                                                                                                                                 string,
                                                                                                                                 object[])
    IL_0023:  ret
  } // end of method LoggerIsEnabledSenariosAbstract::LogTrace
  .method public hidebysig newslot abstract virtual 
          instance void  LogDebug() cil managed
  {
  } // end of method LoggerIsEnabledSenariosAbstract::LogDebug
} // end of class LoggerIsEnabledSenariosAbstract