.class public auto ansi beforefieldinit LoggerIsEnabledScenarios
       extends [netstandard]System.Object
{
  .method public hidebysig instance void 
          LogTrace_In_Switch_With_Before_Code() cil managed
  {
    // Code size       67 (0x43)
    .maxstack  3
    .locals init (int32 V_0)
    IL_0000:  ldc.i4.1
    IL_0001:  stloc.0
    IL_0002:  ldloc.0
    IL_0003:  brfalse.s  IL_000b
    IL_0005:  ldloc.0
    IL_0006:  ldc.i4.1
    IL_0007:  beq.s      IL_0012
    IL_0009:  br.s       IL_003c
    IL_000b:  ldarg.0
    IL_000c:  call       instance void LoggerIsEnabledScenarios::CodeBefore()
    IL_0011:  ret
    IL_0012:  ldarg.0
    IL_0013:  call       instance void LoggerIsEnabledScenarios::CodeBefore()
    IL_0018:  ldarg.0
    IL_0019:  ldfld      class [Microsoft.Extensions.Logging.Abstractions]Microsoft.Extensions.Logging.ILogger LoggerIsEnabledScenarios::_logger
    IL_001e:  ldc.i4.0
    IL_001f:  callvirt   instance bool [Microsoft.Extensions.Logging.Abstractions]Microsoft.Extensions.Logging.ILogger::IsEnabled(valuetype [Microsoft.Extensions.Logging.Abstractions]Microsoft.Extensions.Logging.LogLevel)
    IL_0024:  brfalse.s  IL_0042
    IL_0026:  ldarg.0
    IL_0027:  ldfld      class [Microsoft.Extensions.Logging.Abstractions]Microsoft.Extensions.Logging.ILogger LoggerIsEnabledScenarios::_logger
    IL_002c:  ldstr      "message"
    IL_0031:  call       !!0[] [netstandard]System.Array::Empty<object>()
    IL_0036:  call       void [Microsoft.Extensions.Logging.Abstractions]Microsoft.Extensions.Logging.LoggerExtensions::LogTrace(class [Microsoft.Extensions.Logging.Abstractions]Microsoft.Extensions.Logging.ILogger,
                                                                                                                                 string,
                                                                                                                                 object[])
    IL_003b:  ret
    IL_003c:  ldarg.0
    IL_003d:  call       instance void LoggerIsEnabledScenarios::CodeAfter()
    IL_0042:  ret
  } 
}
