.class interface public abstract auto ansi ILoggerIsEnabledSenarios
{
}
