.class public auto ansi beforefieldinit LoggerIsEnabledScenarios
       extends [netstandard]System.Object
{
  .method public hidebysig instance void 
          LogTraceWithEnabled_With_Code_Before() cil managed
  {
    // Code size       42 (0x2a)
    .maxstack  8
    IL_0000:  ldarg.0
    IL_0001:  ldfld      class [Microsoft.Extensions.Logging.Abstractions]Microsoft.Extensions.Logging.ILogger LoggerIsEnabledScenarios::_logger
    IL_0006:  ldc.i4.0
    IL_0007:  callvirt   instance bool [Microsoft.Extensions.Logging.Abstractions]Microsoft.Extensions.Logging.ILogger::IsEnabled(valuetype [Microsoft.Extensions.Logging.Abstractions]Microsoft.Extensions.Logging.LogLevel)
    IL_000c:  brfalse.s  IL_0029
    IL_000e:  ldarg.0
    IL_000f:  call       instance void LoggerIsEnabledScenarios::CodeBefore()
    IL_0014:  ldarg.0
    IL_0015:  ldfld      class [Microsoft.Extensions.Logging.Abstractions]Microsoft.Extensions.Logging.ILogger LoggerIsEnabledScenarios::_logger
    IL_001a:  ldstr      "message"
    IL_001f:  call       !!0[] [netstandard]System.Array::Empty<object>()
    IL_0024:  call       void [Microsoft.Extensions.Logging.Abstractions]Microsoft.Extensions.Logging.LoggerExtensions::LogTrace(class [Microsoft.Extensions.Logging.Abstractions]Microsoft.Extensions.Logging.ILogger,
                                                                                                                                 string,
                                                                                                                                 object[])
    IL_0029:  ret
  } 
}
